// Jest Snapshot v1, https://goo.gl/fbAQLP

exports[`Messages Component renders Messages Component 1`] = `ShallowWrapper {}`;
