// Jest Snapshot v1, https://goo.gl/fbAQLP

exports[`Header Component renders Header 1`] = `ShallowWrapper {}`;
