// Jest Snapshot v1, https://goo.gl/fbAQLP

exports[`Message Component renders message 1`] = `ShallowWrapper {}`;
