// Jest Snapshot v1, https://goo.gl/fbAQLP

exports[`Messages Component renders messages 1`] = `ShallowWrapper {}`;
